16:31:18 **** Incremental Build of configuration Debug for project Blinky ****
make -j4 all 
arm-none-eabi-gcc "../Src/blinky.c" -mcpu=cortex-m0plus -std=gnu11 -g3 -DDEBUG -DSTM32 -DSTM32C0 -DSTM32C031C6Tx -DSTM32C0316_DK -DSTM32C031xx -c -I../Inc -I"/home/puppygirl-dirac/Documents/coursework/winter_2026/ES28W26/Library/chipheaders/Device" -I"/home/puppygirl-dirac/Documents/coursework/winter_2026/ES28W26/Library/chipheaders/Include" -I"/home/puppygirl-dirac/Documents/coursework/winter_2026/ES28W26/Library/mylib" -O0 -ffunction-sections -fdata-sections -Wall -fstack-usage -fcyclomatic-complexity -MMD -MP -MF"Src/blinky.d" -MT"Src/blinky.o" --specs=nano.specs -mfloat-abi=soft -mthumb -o "Src/blinky.o"
arm-none-eabi-gcc -o "Blinky.elf" @"objects.list"   -mcpu=cortex-m0plus -T"/home/puppygirl-dirac/Documents/coursework/winter_2026/ES28W26/workspace/Blinky/STM32C031C6TX_FLASH.ld" --specs=nosys.specs -Wl,-Map="Blinky.map" -Wl,--gc-sections -static --specs=nano.specs -mfloat-abi=soft -mthumb -Wl,--start-group -lc -lm -Wl,--end-group
Finished building target: Blinky.elf
 
arm-none-eabi-size  Blinky.elf 
arm-none-eabi-objdump -h -S Blinky.elf  > "Blinky.list"
   text	   data	    bss	    dec	    hex	filename
    680	      0	   1568	   2248	    8c8	Blinky.elf
Finished building: default.size.stdout
 
Finished building: Blinky.list
 

16:31:19 Build Finished. 0 errors, 0 warnings. (took 697ms)

