16:51:41 **** Incremental Build of configuration Debug for project Lab1 ****
make -j4 all 
arm-none-eabi-gcc -mcpu=cortex-m0plus -g3 -DDEBUG -c -I"C:/Users/chase/Documents/winter_2026/embedded_systems/ES28W26/Library/chipheaders/Device" -I"C:/Users/chase/Documents/winter_2026/embedded_systems/ES28W26/Library/chipheaders/Include" -I"C:/Users/chase/Documents/winter_2026/embedded_systems/ES28W26/Library/mylib" -x assembler-with-cpp -MMD -MP -MF"Startup/startup_stm32c031c6tx.d" -MT"Startup/startup_stm32c031c6tx.o" --specs=nano.specs -mfloat-abi=soft -mthumb -o "Startup/startup_stm32c031c6tx.o" "../Startup/startup_stm32c031c6tx.s"
arm-none-eabi-gcc "../Src/blinkyCNT.c" -mcpu=cortex-m0plus -std=gnu11 -g3 -DDEBUG -DNUCLEO_C031C6 -DSTM32 -DSTM32C0 -DSTM32C031C6Tx -DSTM32C031xx -c -I../Inc -I"C:/Users/chase/Documents/winter_2026/embedded_systems/ES28W26/Library/chipheaders/Device" -I"C:/Users/chase/Documents/winter_2026/embedded_systems/ES28W26/Library/chipheaders/Include" -I"C:/Users/chase/Documents/winter_2026/embedded_systems/ES28W26/Library/mylib" -O0 -ffunction-sections -fdata-sections -Wall -fstack-usage -fcyclomatic-complexity -MMD -MP -MF"Src/blinkyCNT.d" -MT"Src/blinkyCNT.o" --specs=nano.specs -mfloat-abi=soft -mthumb -o "Src/blinkyCNT.o"
arm-none-eabi-gcc "../Src/syscalls.c" -mcpu=cortex-m0plus -std=gnu11 -g3 -DDEBUG -DNUCLEO_C031C6 -DSTM32 -DSTM32C0 -DSTM32C031C6Tx -DSTM32C031xx -c -I../Inc -I"C:/Users/chase/Documents/winter_2026/embedded_systems/ES28W26/Library/chipheaders/Device" -I"C:/Users/chase/Documents/winter_2026/embedded_systems/ES28W26/Library/chipheaders/Include" -I"C:/Users/chase/Documents/winter_2026/embedded_systems/ES28W26/Library/mylib" -O0 -ffunction-sections -fdata-sections -Wall -fstack-usage -fcyclomatic-complexity -MMD -MP -MF"Src/syscalls.d" -MT"Src/syscalls.o" --specs=nano.specs -mfloat-abi=soft -mthumb -o "Src/syscalls.o"
arm-none-eabi-gcc "../Src/sysmem.c" -mcpu=cortex-m0plus -std=gnu11 -g3 -DDEBUG -DNUCLEO_C031C6 -DSTM32 -DSTM32C0 -DSTM32C031C6Tx -DSTM32C031xx -c -I../Inc -I"C:/Users/chase/Documents/winter_2026/embedded_systems/ES28W26/Library/chipheaders/Device" -I"C:/Users/chase/Documents/winter_2026/embedded_systems/ES28W26/Library/chipheaders/Include" -I"C:/Users/chase/Documents/winter_2026/embedded_systems/ES28W26/Library/mylib" -O0 -ffunction-sections -fdata-sections -Wall -fstack-usage -fcyclomatic-complexity -MMD -MP -MF"Src/sysmem.d" -MT"Src/sysmem.o" --specs=nano.specs -mfloat-abi=soft -mthumb -o "Src/sysmem.o"
arm-none-eabi-gcc "C:/Users/chase/Documents/winter_2026/embedded_systems/ES28W26/Library/mylib/sysinit.c" -mcpu=cortex-m0plus -std=gnu11 -g3 -DDEBUG -DNUCLEO_C031C6 -DSTM32 -DSTM32C0 -DSTM32C031C6Tx -DSTM32C031xx -c -I../Inc -I"C:/Users/chase/Documents/winter_2026/embedded_systems/ES28W26/Library/chipheaders/Device" -I"C:/Users/chase/Documents/winter_2026/embedded_systems/ES28W26/Library/chipheaders/Include" -I"C:/Users/chase/Documents/winter_2026/embedded_systems/ES28W26/Library/mylib" -O0 -ffunction-sections -fdata-sections -Wall -fstack-usage -fcyclomatic-complexity -MMD -MP -MF"Library/mylib/sysinit.d" -MT"Library/mylib/sysinit.o" --specs=nano.specs -mfloat-abi=soft -mthumb -o "Library/mylib/sysinit.o"
arm-none-eabi-gcc -o "Lab1.elf" @"objects.list"   -mcpu=cortex-m0plus -T"C:\Users\chase\Documents\winter_2026\embedded_systems\ES28W26\workspace\Lab1\STM32C031C6TX_FLASH.ld" --specs=nosys.specs -Wl,-Map="Lab1.map" -Wl,--gc-sections -static --specs=nano.specs -mfloat-abi=soft -mthumb -Wl,--start-group -lc -lm -Wl,--end-group
Finished building target: Lab1.elf
 
arm-none-eabi-size  Lab1.elf 
arm-none-eabi-objdump -h -S Lab1.elf  > "Lab1.list"
   text	   data	    bss	    dec	    hex	filename
    816	      0	   1576	   2392	    958	Lab1.elf
Finished building: default.size.stdout
 
Finished building: Lab1.list
 

16:51:43 Build Finished. 0 errors, 0 warnings. (took 2s.12ms)

