17:43:57 **** Build of configuration Debug for project Lab2 ****
make -j4 all 
arm-none-eabi-gcc "../Src/ReactionTime.c" -mcpu=cortex-m0plus -std=gnu11 -g3 -DDEBUG -DNUCLEO_C031C6 -DSTM32 -DSTM32C0 -DSTM32C031C6Tx -DSTM32C031xx -c -I../Inc -I"C:/Users/chase/Documents/winter_2026/embedded_systems/ES28W26/Library/chipheaders/Device" -I"C:/Users/chase/Documents/winter_2026/embedded_systems/ES28W26/Library/chipheaders/Include" -I"C:/Users/chase/Documents/winter_2026/embedded_systems/ES28W26/Library/mylib" -O0 -ffunction-sections -fdata-sections -Wall -fstack-usage -fcyclomatic-complexity -MMD -MP -MF"Src/ReactionTime.d" -MT"Src/ReactionTime.o" --specs=nano.specs -mfloat-abi=soft -mthumb -o "Src/ReactionTime.o"
arm-none-eabi-gcc "C:/Users/chase/Documents/winter_2026/embedded_systems/ES28W26/Library/mylib/sysinit.c" -mcpu=cortex-m0plus -std=gnu11 -g3 -DDEBUG -DNUCLEO_C031C6 -DSTM32 -DSTM32C0 -DSTM32C031C6Tx -DSTM32C031xx -c -I../Inc -I"C:/Users/chase/Documents/winter_2026/embedded_systems/ES28W26/Library/chipheaders/Device" -I"C:/Users/chase/Documents/winter_2026/embedded_systems/ES28W26/Library/chipheaders/Include" -I"C:/Users/chase/Documents/winter_2026/embedded_systems/ES28W26/Library/mylib" -O0 -ffunction-sections -fdata-sections -Wall -fstack-usage -fcyclomatic-complexity -MMD -MP -MF"Library/mylib/sysinit.d" -MT"Library/mylib/sysinit.o" --specs=nano.specs -mfloat-abi=soft -mthumb -o "Library/mylib/sysinit.o"
arm-none-eabi-gcc "C:/Users/chase/Documents/winter_2026/embedded_systems/ES28W26/Library/mylib/uart.c" -mcpu=cortex-m0plus -std=gnu11 -g3 -DDEBUG -DNUCLEO_C031C6 -DSTM32 -DSTM32C0 -DSTM32C031C6Tx -DSTM32C031xx -c -I../Inc -I"C:/Users/chase/Documents/winter_2026/embedded_systems/ES28W26/Library/chipheaders/Device" -I"C:/Users/chase/Documents/winter_2026/embedded_systems/ES28W26/Library/chipheaders/Include" -I"C:/Users/chase/Documents/winter_2026/embedded_systems/ES28W26/Library/mylib" -O0 -ffunction-sections -fdata-sections -Wall -fstack-usage -fcyclomatic-complexity -MMD -MP -MF"Library/mylib/uart.d" -MT"Library/mylib/uart.o" --specs=nano.specs -mfloat-abi=soft -mthumb -o "Library/mylib/uart.o"
arm-none-eabi-gcc -o "Lab2.elf" @"objects.list"   -mcpu=cortex-m0plus -T"C:\Users\chase\Documents\winter_2026\embedded_systems\ES28W26\workspace\Lab2\STM32C031C6TX_FLASH.ld" --specs=nosys.specs -Wl,-Map="Lab2.map" -Wl,--gc-sections -static --specs=nano.specs -mfloat-abi=soft -mthumb -Wl,--start-group -lc -lm -Wl,--end-group
Finished building target: Lab2.elf
 
arm-none-eabi-size  Lab2.elf 
arm-none-eabi-objdump -h -S Lab2.elf  > "Lab2.list"
   text	   data	    bss	    dec	    hex	filename
   1256	      0	   1568	   2824	    b08	Lab2.elf
Finished building: default.size.stdout
 
Finished building: Lab2.list
 

17:44:02 Build Finished. 0 errors, 0 warnings. (took 5s.352ms)

