C:/Users/chase/Documents/winter_2026/embedded_systems/ES28W26/Library/mylib/sysinit.c:18:6:SystemInit	8	static
C:/Users/chase/Documents/winter_2026/embedded_systems/ES28W26/Library/mylib/sysinit.c:39:6:delay_ms	24	static
C:/Users/chase/Documents/winter_2026/embedded_systems/ES28W26/Library/mylib/sysinit.c:45:6:SysTickInit	8	static
C:/Users/chase/Documents/winter_2026/embedded_systems/ES28W26/Library/mylib/sysinit.c:56:6:SysTick_Handler	8	static
C:/Users/chase/Documents/winter_2026/embedded_systems/ES28W26/Library/mylib/sysinit.c:60:17:milliseconds	8	static
